error: `dive` may not be combined with `inner`
 --> tests/ui/compile-fail/dive_and_inner.rs
  |
  |     #[garde(dive, inner(length(min = 1)))]
  |             ^^^^
