---
source: garde/tests/./rules/ascii.rs
expression: snapshot
---
Test {
    field: "ğŸ˜‚",
    inner: [
        "ğŸ˜‚",
    ],
    cow: "ğŸ˜‚",
}
cow: not ascii
field: not ascii
inner[0]: not ascii


